------------------------------------------------------------
Timing Analyzer Summary
------------------------------------------------------------

Type  : Slow 1200mV 85C Model Setup 'Temporizador:TEMP2S|Clock'
Slack : -134.312
TNS   : -73019.130

Type  : Slow 1200mV 85C Model Setup 'Clock50M'
Slack : -3.880
TNS   : -97.208

Type  : Slow 1200mV 85C Model Setup 'Swap'
Slack : -1.158
TNS   : -3.224

Type  : Slow 1200mV 85C Model Hold 'Temporizador:TEMP2S|Clock'
Slack : 0.403
TNS   : 0.000

Type  : Slow 1200mV 85C Model Hold 'Swap'
Slack : 0.440
TNS   : 0.000

Type  : Slow 1200mV 85C Model Hold 'Clock50M'
Slack : 0.633
TNS   : 0.000

Type  : Slow 1200mV 85C Model Minimum Pulse Width 'Clock50M'
Slack : -3.000
TNS   : -45.405

Type  : Slow 1200mV 85C Model Minimum Pulse Width 'Swap'
Slack : -3.000
TNS   : -12.118

Type  : Slow 1200mV 85C Model Minimum Pulse Width 'Temporizador:TEMP2S|Clock'
Slack : -2.693
TNS   : -1510.736

Type  : Slow 1200mV 0C Model Setup 'Temporizador:TEMP2S|Clock'
Slack : -121.318
TNS   : -66220.014

Type  : Slow 1200mV 0C Model Setup 'Clock50M'
Slack : -3.509
TNS   : -86.365

Type  : Slow 1200mV 0C Model Setup 'Swap'
Slack : -0.992
TNS   : -2.469

Type  : Slow 1200mV 0C Model Hold 'Temporizador:TEMP2S|Clock'
Slack : 0.352
TNS   : 0.000

Type  : Slow 1200mV 0C Model Hold 'Swap'
Slack : 0.387
TNS   : 0.000

Type  : Slow 1200mV 0C Model Hold 'Clock50M'
Slack : 0.579
TNS   : 0.000

Type  : Slow 1200mV 0C Model Minimum Pulse Width 'Clock50M'
Slack : -3.000
TNS   : -45.405

Type  : Slow 1200mV 0C Model Minimum Pulse Width 'Swap'
Slack : -3.000
TNS   : -12.074

Type  : Slow 1200mV 0C Model Minimum Pulse Width 'Temporizador:TEMP2S|Clock'
Slack : -2.649
TNS   : -1510.428

Type  : Fast 1200mV 0C Model Setup 'Temporizador:TEMP2S|Clock'
Slack : -66.255
TNS   : -35753.711

Type  : Fast 1200mV 0C Model Setup 'Clock50M'
Slack : -1.455
TNS   : -29.171

Type  : Fast 1200mV 0C Model Setup 'Swap'
Slack : -0.040
TNS   : -0.040

Type  : Fast 1200mV 0C Model Hold 'Temporizador:TEMP2S|Clock'
Slack : 0.181
TNS   : 0.000

Type  : Fast 1200mV 0C Model Hold 'Swap'
Slack : 0.199
TNS   : 0.000

Type  : Fast 1200mV 0C Model Hold 'Clock50M'
Slack : 0.288
TNS   : 0.000

Type  : Fast 1200mV 0C Model Minimum Pulse Width 'Clock50M'
Slack : -3.000
TNS   : -37.921

Type  : Fast 1200mV 0C Model Minimum Pulse Width 'Swap'
Slack : -3.000
TNS   : -10.755

Type  : Fast 1200mV 0C Model Minimum Pulse Width 'Temporizador:TEMP2S|Clock'
Slack : -1.000
TNS   : -1168.000

------------------------------------------------------------
